C51 COMPILER V9.52.0.0   BUZZER                                                            09/24/2021 14:48:19 PAGE 1   


C51 COMPILER V9.52.0.0, COMPILATION OF MODULE BUZZER
OBJECT MODULE PLACED IN ..\OBJ\Buzzer.obj
COMPILER INVOKED BY: C:\Keil_C51\C51\BIN\C51.EXE ..\USER\Buzzer.c OPTIMIZE(0,SPEED) BROWSE INCDIR(..\USER) DEBUG OBJECTE
                    -XTEND PRINT(..\LIST\Buzzer.lst) TABS(2) OBJECT(..\OBJ\Buzzer.obj)

line level    source

   1          #include "Buzzer.H"//
   2          
   3          void Beep_Inte(void)
   4          {
   5   1        static unsigned int Time100ms_Cnt = 0;
   6   1        if(rad_Valid_Flag)
   7   1        {
   8   2          P37 = !P37;
   9   2          Time100ms_Cnt ++;
  10   2          if(Time100ms_Cnt >= 100)
  11   2          {
  12   3            Time100ms_Cnt = 0;
  13   3            rad_Valid_Flag = 0; 
  14   3          }
  15   2        }
  16   1        else 
  17   1        {
  18   2          P37 = 0;
  19   2          Time100ms_Cnt = 0;
  20   2        }
  21   1      }


MODULE INFORMATION:   STATIC OVERLAYABLE
   CODE SIZE        =     42    ----
   CONSTANT SIZE    =   ----    ----
   XDATA SIZE       =   ----    ----
   PDATA SIZE       =   ----    ----
   DATA SIZE        =      2    ----
   IDATA SIZE       =   ----    ----
   BIT SIZE         =   ----    ----
END OF MODULE INFORMATION.


C51 COMPILATION COMPLETE.  0 WARNING(S),  0 ERROR(S)
